// Jest Snapshot v1, https://goo.gl/fbAQLP

exports[`Should render a toggle 1`] = `
<div
  class="omni-toggle-button"
>
  <button
    class="secondary-state secondary-state mdc-button mdc-button--unelevated"
  >
    <span
      class="mdc-button__label"
    />
  </button>
</div>
`;
