// Jest Snapshot v1, https://goo.gl/fbAQLP

exports[`Should render a toggle 1`] = `
<div
  class="primary-state"
/>
`;
